
Memory Configuration

Name             Origin             Length             Attributes
*default*        0x0000000000000000 0xffffffffffffffff

Linker script and memory map

TARGET(elf32-i386)
                0x0000000000000074                . = SIZEOF_HEADERS

.text           0x0000000000000074      0x634
 *(.text)
 .text          0x0000000000000074       0x74 tmp/i386-linux.elf.interp-fold.o
                0x00000000000000da                mmap
 .text          0x00000000000000e8      0x5be tmp/i386-linux.elf.interp-main.o
                0x00000000000005a2                pti_main
 *(.rodata)
 *(.data)
 *fill*         0x00000000000006a6        0x2 00
 .data          0x00000000000006a8        0x0 tmp/i386-linux.elf.interp-fold.o
 .data          0x00000000000006a8        0x0 tmp/i386-linux.elf.interp-main.o

.data

.bss            0x00000000000006a8        0x0
 .bss           0x00000000000006a8        0x0 tmp/i386-linux.elf.interp-fold.o
 .bss           0x00000000000006a8        0x0 tmp/i386-linux.elf.interp-main.o

.rel.dyn        0x00000000000006a8        0x0
 .rel.text      0x0000000000000000        0x0 tmp/i386-linux.elf.interp-fold.o
LOAD tmp/i386-linux.elf.interp-fold.o
LOAD tmp/i386-linux.elf.interp-main.o
OUTPUT(tmp/i386-linux.elf.interp-fold.bin elf32-i386)
