
Memory Configuration

Name             Origin             Length             Attributes
*default*        0x0000000000000000 0xffffffffffffffff

Linker script and memory map

TARGET(elf32-i386)
                0x0000000000000074                . = SIZEOF_HEADERS
                0x0000000000000080                . = ALIGN (0x80)

.data           0x0000000000000080      0x4f4
 *(.text)
 .text          0x0000000000000080       0xf4 tmp/i386-linux.elf.shell-fold.o
                0x0000000000000167                mmap
 .text          0x0000000000000174      0x3ff tmp/i386-linux.elf.shell-main.o
                0x00000000000003ec                upx_main
 *(.rodata)
 *(.data)
 *fill*         0x0000000000000573        0x1 00
 .data          0x0000000000000574        0x0 tmp/i386-linux.elf.shell-fold.o
 .data          0x0000000000000574        0x0 tmp/i386-linux.elf.shell-main.o
 *(.bss)
 .bss           0x0000000000000574        0x0 tmp/i386-linux.elf.shell-fold.o
 .bss           0x0000000000000574        0x0 tmp/i386-linux.elf.shell-main.o
 *(COMMON)

.rel.dyn        0x0000000000000574        0x0
 .rel.text      0x0000000000000000        0x0 tmp/i386-linux.elf.shell-fold.o
LOAD tmp/i386-linux.elf.shell-fold.o
LOAD tmp/i386-linux.elf.shell-main.o
OUTPUT(tmp/i386-linux.elf.shell-fold.bin elf32-i386)
